Commit- 2``
